// Jest Snapshot v1, https://goo.gl/fbAQLP

exports[`cdrA.vue outputs the same HTML 1`] = `<a class="cdr-link"></a>`;
